// Jest Snapshot v1, https://goo.gl/fbAQLP

exports[`Update Post Component renders without crashing 1`] = `
<section>
  <div
    className="modal-wrapper updatePostModal"
  >
    <div
      className="modal-content"
    >
      <Form
        className="update-form"
      >
        <div
          className="moment-title"
        >
          <h2
            className="Form__title"
          >
            Precious Little Moment: 
            <span>
              <em>
                update moment
              </em>
            </span>
          </h2>
          <hr />
          <label
            htmlFor="post_title"
          >
            Moment Title 
            <Required />
          </label>
          <Input2
            defaultValue="Test Post Title 1"
            id="post_title"
            name="post_title"
            required={true}
            type="text"
          />
        </div>
        <div
          className="password"
        >
          <label
            htmlFor="post_content"
          >
            Content 
            <Required />
          </label>
          <Textarea
            defaultValue="Test Post content 1"
            id="post_content"
            name="post_content"
            required={true}
          />
        </div>
        <Button
          className="button demo-button button-continue"
          type="submit"
        >
          Continue
        </Button>
        <Button
          className="button demo-button button-cancel"
        >
          Cancel
        </Button>
      </Form>
    </div>
  </div>
</section>
`;
