// Jest Snapshot v1, https://goo.gl/fbAQLP

exports[`Delete Account Component renders without crashing 1`] = `
<div
  className="modal-wrapper deletePost"
>
  <div
    className="modal-content"
  >
    <Form
      className="delete-account-form"
    >
      <div
        className="delete-account-form-title"
      >
        <h2
          className="Form__title"
        >
          Precious Little Moment: 
          <span>
            <em>
              delete account
            </em>
          </span>
        </h2>
        <hr />
        <h3
          className="delete-post-title"
        >
          Delete Your Account?
        </h3>
        <p
          className="delete-warning"
        >
          *Please make sure you would like to delete your account as your moment's cannot be recovered!*
        </p>
      </div>
      <Button
        className="button demo-button button-cancel"
        type="submit"
      >
        Delete
      </Button>
      <Button
        className="button demo-button button-continue"
      >
        Cancel
      </Button>
    </Form>
  </div>
</div>
`;
